// Jest Snapshot v1, https://goo.gl/fbAQLP

exports[`renders correctly 1`] = `
<div
  className="ui items"
>
  <div
    className="item"
  >
    <div
      className="content"
    >
      <div
        className="header"
      />
      <div
        className="meta"
      />
      <div
        className="meta"
      />
      <div
        className="ui medium image"
      >
        <img />
      </div>
      <div
        className="description"
      />
    </div>
  </div>
</div>
`;
